$ /home/wrn/tfhepp-compare/build/test/tpch_q14_3pbs 8192
# started: 2026-05-16 01:51:03
----------------------------------------------------
TPC-H Q14 (compliant): WHERE = TFHE 3-PBS, JOIN = CKKS Lagrange (Algorithm 4.3)

Relational SQL Query14 Test (WHERE->TFHE 3-PBS pruned, JOIN->CKKS Lagrange):
--------------------------------------------------------
Records: 8192
Filtering finish
Aggregation :
Generating Parameters...
Generating Conversion Key...
Starting Conversion...
Repack mask average error = 0.00879762 ~ 2^-6.8  (active slots = 8192)

[DEBUG] line_partkey first 8 = 1 1 3 1 1 3 0 3 
[DEBUG] part_promo[0..3] = 0 1 1 0
[DEBUG] promo_on_line[0..7]      = 1.0000 1.0000 -0.0000 1.0000 1.0000 -0.0000 -0.0000 -0.0000 
[DEBUG] promo_on_line[1020..1027] = 0.0000 1.0000 0.0000 1.0000 0.0000 -0.0000 1.0000 0.0000 
[DEBUG] promo_on_line[2000..2007] = 1.0000 0.0000 -0.0000 1.0000 1.0000 0.0000 1.0000 0.0000 
[DEBUG] sum |promo_on_line[i]| over i in [8192..32768) = 1.6964e-07
Filtering Time: 3.0755e+06 ms
CKKS (Repack + Join + Aggregation) Time: 118452 ms
Query Evaluation Time: 3.19396e+06 ms
Encrypted query result: 
   promo_revenue
         52.2062
         (total=17225.6, promo=8992.85)
Plain query result: 
   promo_revenue
         53.0596
         (total=13760, promo=7301)

# finished: 2026-05-16 02:45:39
# returncode: 0
# wall_ms: 3275881.205
