$ /home/wrn/tfhepp-compare/build/test/tpch_q6_3pbs 2048
# started: 2026-05-15 23:10:10
-------------------------------------------------------------------------------
TPC-H Q6 evaluated via 3-PBS pruned compare + repack-based CKKS aggregation

Relational SQL Query6 Test (3-PBS pruned + CKKS repack): 
--------------------------------------------------------
Records: 2048
Filtering finish
Aggregation :
Generating Parameters...
Generating Conversion Key...
Starting Conversion...
Repack average error = 0.000000 ~ 2^-27.0
Aggregating price and discount ..
Remian modulus: 2
Filtering Time: 2.51336e+06 ms
Aggregation Time: 59084 ms
Query Evaluation Time: 2.57244e+06 ms
Encrypted query result: 
     revenue
          32
Plain query result: 
     revenue
          32




# finished: 2026-05-15 23:54:06
# returncode: 0
# wall_ms: 2635745.394
