$ /home/wrn/tfhepp-compare/build/test/tpch_q14_3pbs 4096
# started: 2026-05-15 23:54:06
----------------------------------------------------
TPC-H Q14 (compliant): WHERE = TFHE 3-PBS, JOIN = CKKS Lagrange (Algorithm 4.3)

Relational SQL Query14 Test (WHERE->TFHE 3-PBS pruned, JOIN->CKKS Lagrange):
--------------------------------------------------------
Records: 4096
Filtering finish
Aggregation :
Generating Parameters...
Generating Conversion Key...
Starting Conversion...
Repack mask average error = 0.00781649 ~ 2^-7.0  (active slots = 4096)

[DEBUG] line_partkey first 8 = 1 3 2 0 3 2 1 3 
[DEBUG] part_promo[0..3] = 1 1 0 0
[DEBUG] promo_on_line[0..7]      = 1.0000 0.0000 -0.0000 1.0000 0.0000 0.0000 1.0000 0.0000 
[DEBUG] promo_on_line[1020..1027] = 1.0000 0.0000 1.0000 1.0000 1.0000 -0.0000 0.0000 0.0000 
[DEBUG] promo_on_line[2000..2007] = 0.0000 -0.0000 -0.0000 1.0000 1.0000 0.0000 0.0000 1.0000 
[DEBUG] sum |promo_on_line[i]| over i in [4096..32768) = 2.04861e-07
Filtering Time: 1.57826e+06 ms
CKKS (Repack + Join + Aggregation) Time: 119020 ms
Query Evaluation Time: 1.69728e+06 ms
Encrypted query result: 
   promo_revenue
         49.3894
         (total=9267.18, promo=4577)
Plain query result: 
   promo_revenue
         48.1617
         (total=7670, promo=3694)

# finished: 2026-05-16 00:23:45
# returncode: 0
# wall_ms: 1779717.489
