$ /home/wrn/tfhepp-compare/build/test/tpch_q6_3pbs 4096
# started: 2026-05-16 00:43:33
-------------------------------------------------------------------------------
TPC-H Q6 evaluated via 3-PBS pruned compare + repack-based CKKS aggregation

Relational SQL Query6 Test (3-PBS pruned + CKKS repack): 
--------------------------------------------------------
Records: 4096
Filtering finish
Aggregation :
Generating Parameters...
Generating Conversion Key...
Starting Conversion...
Repack average error = 0.000488 ~ 2^-11.0
Aggregating price and discount ..
Remian modulus: 2
Filtering Time: 3.93042e+06 ms
Aggregation Time: 58356 ms
Query Evaluation Time: 3.98877e+06 ms
Encrypted query result: 
     revenue
         265
Plain query result: 
     revenue
         192




# finished: 2026-05-16 01:51:03
# returncode: 0
# wall_ms: 4050434.881
