$ /home/wrn/tfhepp-compare/build/test/tpch_q14_3pbs 16384
# started: 2026-05-16 05:35:03
----------------------------------------------------
TPC-H Q14 (compliant): WHERE = TFHE 3-PBS, JOIN = CKKS Lagrange (Algorithm 4.3)

Relational SQL Query14 Test (WHERE->TFHE 3-PBS pruned, JOIN->CKKS Lagrange):
--------------------------------------------------------
Records: 16384
Filtering finish
Aggregation :
Generating Parameters...
Generating Conversion Key...
Starting Conversion...
Repack mask average error = 0.00769948 ~ 2^-7.0  (active slots = 16384)

[DEBUG] line_partkey first 8 = 0 2 2 0 0 0 3 0 
[DEBUG] part_promo[0..3] = 1 1 1 1
[DEBUG] promo_on_line[0..7]      = 1.0000 1.0000 1.0000 1.0000 1.0000 1.0000 1.0000 1.0000 
[DEBUG] promo_on_line[1020..1027] = 1.0000 1.0000 1.0000 1.0000 1.0000 1.0000 1.0000 1.0000 
[DEBUG] promo_on_line[2000..2007] = 1.0000 1.0000 1.0000 1.0000 1.0000 1.0000 1.0000 1.0000 
[DEBUG] sum |promo_on_line[i]| over i in [16384..32768) = 1.15675e-07
Filtering Time: 6.20398e+06 ms
CKKS (Repack + Join + Aggregation) Time: 119478 ms
Query Evaluation Time: 6.32346e+06 ms
Encrypted query result: 
   promo_revenue
         100.001
         (total=35546.8, promo=35547)
Plain query result: 
   promo_revenue
             100
         (total=29818, promo=29818)

# finished: 2026-05-16 07:21:50
# returncode: 0
# wall_ms: 6406238.555
